17.6395 	WARNING 	Font Manager failed to load file /System/Library/PrivateFrameworks/FontServices.framework/Resources/Reserved/PingFangUI.ttc
22.2396 	EXP 	Created window1 = Window(allowGUI=False, allowStencil=False, autoLog=True, backendConf=UNKNOWN, backgroundFit=<method-wrapper '__getattribute__' of attributeSetter object at 0x14098dcf0>, backgroundImage=<method-wrapper '__getattribute__' of attributeSetter object at 0x14098dc90>, bitsMode=UNKNOWN, blendMode='avg', bpc=(8, 8, 8), color=array([0, 0, 0]), colorSpace='rgb', depthBits=8, fullscr=True, gamma=None, gammaErrorPolicy='raise', infoMsg=UNKNOWN, lms=UNKNOWN, monitor=<psychopy.monitors.calibTools.Monitor object at 0x140940d30>, multiSample=False, name='window1', numSamples=2, pos=[0.0, 0.0], screen=0, size=array([1920, 1080]), stencilBits=0, stereo=False, title='PsychoPy', units='height', useFBO=True, useRetina=False, viewOri=0.0, viewPos=None, viewScale=None, waitBlanking=True, winType='pyglet')
22.2397 	EXP 	window1: backgroundImage = ''
22.2397 	EXP 	window1: backgroundFit = 'none'
22.3045 	EXP 	window1: Attempting to measure frame rate of screen (0) ...
22.3045 	EXP 	window1: recordFrameIntervals = False
22.5154 	EXP 	window1: recordFrameIntervals = True
22.5758 	WARNING 	t of last frame was 25.04ms (=1/39)
22.7170 	EXP 	Screen (0) actual frame rate measured at 118.16Hz
22.7171 	EXP 	window1: recordFrameIntervals = False
24.1417 	EXP 	social-animations-fnirs: status = STARTED
24.1817 	EXP 	Created trigger_text = TextStim(__class__=<class 'psychopy.visual.text.TextStim'>, alignHoriz=method-wrapper(...), alignText='center', alignVert=method-wrapper(...), anchorHoriz='center', anchorVert='center', antialias=True, autoDraw=False, autoLog=True, bold=False, color=array([1., 1., 1.]), colorSpace='rgb', contrast=1.0, depth=0.0, draggable=False, flipHoriz=False, flipVert=False, font='Arial', fontFiles=[], height=0.05, italic=False, languageStyle='LTR', name='trigger_text', opacity=1, ori=0.0, pos=array([0., 0.]), rgb=UNKNOWN, text='Press space to send a test trigger.', units='height', win=Window(...), wrapWidth=1)
24.2056 	EXP 	Created Intro = TextStim(__class__=<class 'psychopy.visual.text.TextStim'>, alignHoriz=method-wrapper(...), alignText='center', alignVert=method-wrapper(...), anchorHoriz='center', anchorVert='center', antialias=True, autoDraw=False, autoLog=True, bold=False, color=array([1., 1., 1.]), colorSpace='rgb', contrast=1.0, depth=-1.0, draggable=False, flipHoriz=False, flipVert=False, font='Open Sans', fontFiles=[], height=0.04, italic=False, languageStyle='LTR', name='Intro', opacity=1, ori=0.0, pos=array([0. , 0.1]), rgb=UNKNOWN, text=str(...), units='height', win=Window(...), wrapWidth=1)
24.2189 	EXP 	Created start_task_text = TextStim(__class__=<class 'psychopy.visual.text.TextStim'>, alignHoriz=method-wrapper(...), alignText='center', alignVert=method-wrapper(...), anchorHoriz='center', anchorVert='center', antialias=True, autoDraw=False, autoLog=True, bold=False, color=array([1., 1., 1.]), colorSpace='rgb', contrast=1.0, depth=-2.0, draggable=False, flipHoriz=False, flipVert=False, font='Arial', fontFiles=[], height=0.04, italic=False, languageStyle='LTR', name='start_task_text', opacity=1, ori=0.0, pos=array([ 0. , -0.2]), rgb=UNKNOWN, text=str(...), units='height', win=Window(...), wrapWidth=1)
24.2907 	EXP 	Sound start_sound set volume 1.000
24.5263 	EXP 	Created social = TextStim(__class__=<class 'psychopy.visual.text.TextStim'>, alignHoriz=method-wrapper(...), alignText='center', alignVert=method-wrapper(...), anchorHoriz='center', anchorVert='center', antialias=True, autoDraw=False, autoLog=True, bold=False, color=array([1., 1., 1.]), colorSpace='rgb', contrast=1.0, depth=0.0, draggable=False, flipHoriz=False, flipVert=False, font='Open Sans', fontFiles=[], height=0.05, italic=False, languageStyle='LTR', name='social', opacity=1, ori=0.0, pos=array([-0.5,  0. ]), rgb=UNKNOWN, text='Social', units='height', win=Window(...), wrapWidth=1)
24.5310 	EXP 	Created unsure = TextStim(__class__=<class 'psychopy.visual.text.TextStim'>, alignHoriz=method-wrapper(...), alignText='center', alignVert=method-wrapper(...), anchorHoriz='center', anchorVert='center', antialias=True, autoDraw=False, autoLog=True, bold=False, color=array([1., 1., 1.]), colorSpace='rgb', contrast=1.0, depth=-1.0, draggable=False, flipHoriz=False, flipVert=False, font='Open Sans', fontFiles=[], height=0.05, italic=False, languageStyle='LTR', name='unsure', opacity=1, ori=0.0, pos=array([0., 0.]), rgb=UNKNOWN, text='Unsure', units='height', win=Window(...), wrapWidth=1)
24.5380 	EXP 	Created no_interaction = TextStim(__class__=<class 'psychopy.visual.text.TextStim'>, alignHoriz=method-wrapper(...), alignText='center', alignVert=method-wrapper(...), anchorHoriz='center', anchorVert='center', antialias=True, autoDraw=False, autoLog=True, bold=False, color=array([1., 1., 1.]), colorSpace='rgb', contrast=1.0, depth=-2.0, draggable=False, flipHoriz=False, flipVert=False, font='Arial', fontFiles=[], height=0.05, italic=False, languageStyle='LTR', name='no_interaction', opacity=1, ori=0.0, pos=array([0.5, 0. ]), rgb=UNKNOWN, text='No Interaction', units='height', win=Window(...), wrapWidth=1)
24.5449 	EXP 	Created left = TextStim(__class__=<class 'psychopy.visual.text.TextStim'>, alignHoriz=method-wrapper(...), alignText='center', alignVert=method-wrapper(...), anchorHoriz='center', anchorVert='center', antialias=True, autoDraw=False, autoLog=True, bold=False, color=array([1., 1., 1.]), colorSpace='rgb', contrast=1.0, depth=-3.0, draggable=False, flipHoriz=False, flipVert=False, font='Arial', fontFiles=[], height=0.045, italic=False, languageStyle='LTR', name='left', opacity=1, ori=0.0, pos=array([-0.5  , -0.055]), rgb=UNKNOWN, text='(Left)', units='height', win=Window(...), wrapWidth=1)
24.5496 	EXP 	Created down = TextStim(__class__=<class 'psychopy.visual.text.TextStim'>, alignHoriz=method-wrapper(...), alignText='center', alignVert=method-wrapper(...), anchorHoriz='center', anchorVert='center', antialias=True, autoDraw=False, autoLog=True, bold=False, color=array([1., 1., 1.]), colorSpace='rgb', contrast=1.0, depth=-4.0, draggable=False, flipHoriz=False, flipVert=False, font='Arial', fontFiles=[], height=0.045, italic=False, languageStyle='LTR', name='down', opacity=1, ori=0.0, pos=array([ 0.   , -0.055]), rgb=UNKNOWN, text='(Down)', units='height', win=Window(...), wrapWidth=1)
24.5543 	EXP 	Created right = TextStim(__class__=<class 'psychopy.visual.text.TextStim'>, alignHoriz=method-wrapper(...), alignText='center', alignVert=method-wrapper(...), anchorHoriz='center', anchorVert='center', antialias=True, autoDraw=False, autoLog=True, bold=False, color=array([1., 1., 1.]), colorSpace='rgb', contrast=1.0, depth=-5.0, draggable=False, flipHoriz=False, flipVert=False, font='Arial', fontFiles=[], height=0.045, italic=False, languageStyle='LTR', name='right', opacity=1, ori=0.0, pos=array([ 0.5  , -0.055]), rgb=UNKNOWN, text='(Right)', units='height', win=Window(...), wrapWidth=1)
24.5579 	EXP 	Created fixation = TextStim(__class__=<class 'psychopy.visual.text.TextStim'>, alignHoriz=method-wrapper(...), alignText='center', alignVert=method-wrapper(...), anchorHoriz='center', anchorVert='center', antialias=True, autoDraw=False, autoLog=True, bold=False, color=array([1., 1., 1.]), colorSpace='rgb', contrast=1.0, depth=0.0, draggable=False, flipHoriz=False, flipVert=False, font='Open Sans', fontFiles=[], height=0.1, italic=False, languageStyle='LTR', name='fixation', opacity=1, ori=0.0, pos=array([0., 0.]), rgb=UNKNOWN, text='+', units='height', win=Window(...), wrapWidth=1)
24.5677 	EXP 	Created end_task_text = TextStim(__class__=<class 'psychopy.visual.text.TextStim'>, alignHoriz=method-wrapper(...), alignText='center', alignVert=method-wrapper(...), anchorHoriz='center', anchorVert='center', antialias=True, autoDraw=False, autoLog=True, bold=False, color=array([1., 1., 1.]), colorSpace='rgb', contrast=1.0, depth=0.0, draggable=False, flipHoriz=False, flipVert=False, font='Open Sans', fontFiles=[], height=0.05, italic=False, languageStyle='LTR', name='end_task_text', opacity=1, ori=0.0, pos=array([0., 0.]), rgb=UNKNOWN, text='Thank you for participating.', units='height', win=Window(...), wrapWidth=1)
24.5684 	EXP 	Sound end_sound set volume 1.000
0.0067 	EXP 	video_stim: autoLog = True
0.0210 	EXP 	trigger_text: autoDraw = True
1.2386 	EXP 	Sound start_sound reached end of file
1.2386 	EXP 	Sound start_sound started
1.2425 	DATA 	Keypress: space
1.2499 	EXP 	trigger_text: autoDraw = False
1.2499 	EXP 	Intro: autoDraw = True
1.7282 	EXP 	Sound start_sound stopped
2.0238 	DATA 	Keypress: escape
2.0817 	EXP 	social-animations-fnirs: status = STOPPED
2.0904 	EXP 	Intro: autoDraw = False
2.0905 	EXP 	social-animations-fnirs: status = STOPPED
2.4853 	WARNING 	Stopping key buffers but this could be dangerous ifother keyboards rely on the same.
2.4853 	WARNING 	Stopping key buffers but this could be dangerous ifother keyboards rely on the same.
2.4854 	WARNING 	Stopping key buffers but this could be dangerous ifother keyboards rely on the same.
2.4854 	WARNING 	Stopping key buffers but this could be dangerous ifother keyboards rely on the same.
